// Jest Snapshot v1, https://goo.gl/fbAQLP

exports[`should render ApiDashboardPage correctly 1`] = `
<div
  className="box-layout"
/>
`;
